should create service account using annotations:
  1: |
    apiVersion: v1
    kind: ServiceAccount
    metadata:
      annotations:
        custome: value
      labels:
        app.kubernetes.io/instance: RELEASE-NAME
        app.kubernetes.io/managed-by: Helm
        app.kubernetes.io/name: steadybit-platform
        app.kubernetes.io/version: 0.0.0
        helm.sh/chart: steadybit-platform-0.0.0
      name: RELEASE-NAME-steadybit-platform
      namespace: NAMESPACE
should create service account using custom name:
  1: |
    apiVersion: v1
    kind: ServiceAccount
    metadata:
      annotations: {}
      labels:
        app.kubernetes.io/instance: RELEASE-NAME
        app.kubernetes.io/managed-by: Helm
        app.kubernetes.io/name: steadybit-platform
        app.kubernetes.io/version: 0.0.0
        helm.sh/chart: steadybit-platform-0.0.0
      name: custom-name
      namespace: NAMESPACE
should create service account using default values:
  1: |
    apiVersion: v1
    kind: ServiceAccount
    metadata:
      annotations: {}
      labels:
        app.kubernetes.io/instance: RELEASE-NAME
        app.kubernetes.io/managed-by: Helm
        app.kubernetes.io/name: steadybit-platform
        app.kubernetes.io/version: 0.0.0
        helm.sh/chart: steadybit-platform-0.0.0
      name: RELEASE-NAME-steadybit-platform
      namespace: NAMESPACE
