manifest should match snapshot:
  1: |
    apiVersion: rbac.authorization.k8s.io/v1
    kind: ClusterRoleBinding
    metadata:
      labels:
        app.kubernetes.io/instance: RELEASE-NAME
        app.kubernetes.io/managed-by: Helm
        app.kubernetes.io/name: steadybit-agent
        app.kubernetes.io/version: 0.0.0
        helm.sh/chart: steadybit-agent-0.0.0
        steadybit.com/agent: "true"
        steadybit.com/discovery-disabled: "true"
      name: RELEASE-NAME-steadybit-agent-in-NAMESPACE
    roleRef:
      apiGroup: rbac.authorization.k8s.io
      kind: ClusterRole
      name: RELEASE-NAME-steadybit-agent-in-NAMESPACE
    subjects:
      - kind: ServiceAccount
        name: steadybit-agent
        namespace: NAMESPACE
