should render priorityclass when enabled:
  1: |
    apiVersion: scheduling.k8s.io/v1
    description: Priority class for Steadybit agent and extensions
    globalDefault: false
    kind: PriorityClass
    metadata:
      labels:
        app.kubernetes.io/instance: RELEASE-NAME
        app.kubernetes.io/managed-by: Helm
        app.kubernetes.io/name: steadybit-agent
        app.kubernetes.io/version: 0.0.0
        helm.sh/chart: steadybit-agent-0.0.0
        steadybit.com/agent: "true"
        steadybit.com/discovery-disabled: "true"
      name: steadybit-agent-critical
    preemptionPolicy: PreemptLowerPriority
    value: 999900
should render priorityclass with custom values:
  1: |
    apiVersion: scheduling.k8s.io/v1
    description: Priority class for Steadybit agent and extensions
    globalDefault: false
    kind: PriorityClass
    metadata:
      labels:
        app.kubernetes.io/instance: RELEASE-NAME
        app.kubernetes.io/managed-by: Helm
        app.kubernetes.io/name: steadybit-agent
        app.kubernetes.io/version: 0.0.0
        helm.sh/chart: steadybit-agent-0.0.0
        steadybit.com/agent: "true"
        steadybit.com/discovery-disabled: "true"
      name: my-custom-priority
    preemptionPolicy: Never
    value: 500000
