manifest should match snapshot:
  1: |
    apiVersion: rbac.authorization.k8s.io/v1
    kind: Role
    metadata:
      labels:
        app.kubernetes.io/instance: RELEASE-NAME
        app.kubernetes.io/managed-by: Helm
        app.kubernetes.io/name: steadybit-agent
        app.kubernetes.io/version: 2.1.12
        helm.sh/chart: steadybit-agent-2.1.12
        steadybit.com/agent: "true"
        steadybit.com/discovery-disabled: "true"
      name: RELEASE-NAME-steadybit-agent
      namespace: NAMESPACE
    rules:
      - apiGroups:
          - ""
        resources:
          - services
          - pods
        verbs:
          - get
          - list
          - watch
